[2025-11-21 11:45:22,894] INFO em app: Aplicação inicializada e logs configurados.
[2025-11-21 11:56:54,544] INFO em app: Aplicação inicializada e logs configurados.
[2025-11-21 11:56:55,791] INFO em app: Aplicação inicializada e logs configurados.
[2025-11-21 11:57:07,465] WARNING em app: 404 - Rota não encontrada: /favicon.ico
[2025-11-21 11:57:18,014] WARNING em app: 404 - Rota não encontrada: /favicon.ico
[2025-11-21 11:57:20,314] WARNING em app: 404 - Rota não encontrada: /favicon.ico
[2025-11-21 11:57:23,280] WARNING em app: 404 - Rota não encontrada: /favicon.ico
[2025-11-21 11:57:26,063] WARNING em app: 404 - Rota não encontrada: /favicon.ico
[2025-11-21 11:57:29,712] WARNING em app: 404 - Rota não encontrada: /favicon.ico
[2025-11-21 11:57:33,614] WARNING em app: 404 - Rota não encontrada: /favicon.ico
[2025-11-21 11:58:18,954] WARNING em app: 404 - Rota não encontrada: /.well-known/appspecific/com.chrome.devtools.json
[2025-11-21 11:58:26,126] WARNING em app: 404 - Rota não encontrada: /.well-known/appspecific/com.chrome.devtools.json
[2025-11-21 11:58:26,378] WARNING em app: 404 - Rota não encontrada: /favicon.ico
[2025-11-21 11:58:34,590] WARNING em app: 404 - Rota não encontrada: /.well-known/appspecific/com.chrome.devtools.json
[2025-11-21 11:58:34,747] WARNING em app: 404 - Rota não encontrada: /favicon.ico
[2025-11-21 11:59:03,692] WARNING em app: 404 - Rota não encontrada: /favicon.ico
[2025-11-21 11:59:03,877] WARNING em app: 404 - Rota não encontrada: /.well-known/appspecific/com.chrome.devtools.json
[2025-11-21 11:59:04,401] WARNING em app: 404 - Rota não encontrada: /favicon.ico
[2025-11-21 11:59:04,892] WARNING em app: 404 - Rota não encontrada: /.well-known/appspecific/com.chrome.devtools.json
[2025-11-21 11:59:05,195] WARNING em app: 404 - Rota não encontrada: /.well-known/appspecific/com.chrome.devtools.json
[2025-11-21 11:59:13,425] WARNING em app: 404 - Rota não encontrada: /favicon.ico
[2025-11-21 11:59:15,510] WARNING em app: 404 - Rota não encontrada: /favicon.ico
[2025-11-21 12:00:06,372] WARNING em app: 404 - Rota não encontrada: /favicon.ico
[2025-11-21 12:00:11,907] WARNING em app: 404 - Rota não encontrada: /favicon.ico
[2025-11-21 12:00:25,704] WARNING em app: 404 - Rota não encontrada: /favicon.ico
[2025-11-21 12:00:31,554] WARNING em app: 404 - Rota não encontrada: /favicon.ico
[2025-11-21 12:00:36,669] WARNING em app: 404 - Rota não encontrada: /.well-known/appspecific/com.chrome.devtools.json
[2025-11-21 12:02:46,130] WARNING em app: 404 - Rota não encontrada: /pedro
[2025-11-21 12:03:33,620] INFO em app: Aplicação inicializada e logs configurados.
[2025-11-21 12:03:37,129] WARNING em app: 404 - Rota não encontrada: /pedro
[2025-11-21 12:04:48,708] WARNING em app: 404 - Rota não encontrada: /pedro
[2025-11-21 12:05:31,170] INFO em app: Aplicação inicializada e logs configurados.
[2025-11-21 12:05:32,206] INFO em app: Aplicação inicializada e logs configurados.
[2025-11-21 12:05:40,924] WARNING em app: 404 - Rota não encontrada: /favicon.ico
[2025-11-21 12:05:43,658] WARNING em app: 404 - Rota não encontrada: /favicon.ico
[2025-11-21 12:43:46,112] INFO em app: Aplicação inicializada e logs configurados.
[2025-11-21 12:44:07,681] INFO em app: Aplicação inicializada e logs configurados.
[2025-11-21 12:44:24,323] WARNING em app: 404 - Rota não encontrada: /pedro
[2025-11-21 12:44:24,706] WARNING em app: 404 - Rota não encontrada: /favicon.ico
[2025-11-21 12:50:14,181] INFO em app: Aplicação inicializada e logs configurados.
[2025-11-21 12:50:15,362] INFO em app: Aplicação inicializada e logs configurados.
[2025-11-21 12:50:44,032] WARNING em app: 404 - Rota não encontrada: /auth/perfil
[2025-11-21 12:56:15,227] INFO em app: Aplicação inicializada e logs configurados.
[2025-11-21 12:56:16,295] INFO em app: Aplicação inicializada e logs configurados.
[2025-11-21 12:56:33,059] WARNING em app: 404 - Rota não encontrada: /pedro
[2025-11-21 12:56:44,766] WARNING em app: 404 - Rota não encontrada: /.well-known/appspecific/com.chrome.devtools.json
[2025-11-21 12:59:04,668] INFO em app: Aplicação inicializada e logs configurados.
[2025-11-21 12:59:05,990] INFO em app: Aplicação inicializada e logs configurados.
[2025-11-21 13:27:09,674] INFO em app: Aplicação inicializada e logs configurados.
[2025-11-21 13:27:10,804] INFO em app: Aplicação inicializada e logs configurados.
[2025-11-21 13:34:24,344] WARNING em app: 404 - Rota não encontrada: /oi
[2025-11-21 13:35:00,517] WARNING em app: 404 - Rota não encontrada: /oi
[2025-11-21 13:39:13,572] WARNING em app: 404 - Rota não encontrada: /.well-known/appspecific/com.chrome.devtools.json
[2025-11-21 13:54:03,372] WARNING em app: 404 - Rota não encontrada: /.well-known/appspecific/com.chrome.devtools.json
[2025-11-21 13:55:11,438] WARNING em app: 404 - Rota não encontrada: /joao
[2025-11-21 13:55:26,517] INFO em app: Aplicação inicializada e logs configurados.
